============================= test session starts =============================
platform win32 -- Python 3.12.10, pytest-7.4.4, pluggy-1.6.0
rootdir: C:\Users\contabil\Documents\Projetos Antigravity\nota-fiscal-checker-br-24\backend
plugins: anyio-4.11.0, cov-4.1.0
collected 2 items / 1 error

=================================== ERRORS ====================================
_____________________ ERROR collecting tests/test_nfe.py ______________________
ImportError while importing test module 'C:\Users\contabil\Documents\Projetos Antigravity\nota-fiscal-checker-br-24\backend\tests\test_nfe.py'.
Hint: make sure your test modules/packages have valid Python names.
Traceback:
..\..\..\..\AppData\Local\Programs\Python\Python312\Lib\importlib\__init__.py:90: in import_module
    return _bootstrap._gcd_import(name[level:], package, level)
tests\test_nfe.py:2: in <module>
    from sqlalchemy import create_engine
E   ModuleNotFoundError: No module named 'sqlalchemy'
=========================== short test summary info ===========================
ERROR tests/test_nfe.py
!!!!!!!!!!!!!!!!!!! Interrupted: 1 error during collection !!!!!!!!!!!!!!!!!!!!
============================== 1 error in 0.25s ===============================
